// Jest Snapshot v1, https://goo.gl/fbAQLP

exports[`should render ExpenseListItem correctly 1`] = `
<div>
  <Link
    replace={false}
    to="/edit/3"
  >
    <h3>
      Book
    </h3>
  </Link>
  <p>
    Amount: 
    13370
  </p>
  <p>
    Created at: 
    345600000
  </p>
</div>
`;
